[
  [
    "Block",
    {
      "type_": "variable",
      "labels": [ [ "Lit", "resource_group_name" ] ],
      "body": [
        [ "Attribute", "type", [ "Id", "string" ] ],
        [
          "Attribute",
          "description",
          [ "String", "The name for the resource group" ]
        ]
      ]
    }
  ],
  [
    "Block",
    {
      "type_": "variable",
      "labels": [ [ "Lit", "resource_group_location" ] ],
      "body": [
        [ "Attribute", "type", [ "Id", "string" ] ],
        [
          "Attribute",
          "description",
          [ "String", "The location of the resource group" ]
        ]
      ]
    }
  ],
  [
    "Block",
    {
      "type_": "variable",
      "labels": [ [ "Lit", "application_gateway_name" ] ],
      "body": [
        [ "Attribute", "type", [ "Id", "string" ] ],
        [
          "Attribute",
          "description",
          [ "String", "The name of the application gateway" ]
        ]
      ]
    }
  ],
  [
    "Block",
    {
      "type_": "variable",
      "labels": [ [ "Lit", "subnet_id" ] ],
      "body": [
        [ "Attribute", "type", [ "Id", "string" ] ],
        [ "Attribute", "description", [ "String", "The ID of the subnet" ] ]
      ]
    }
  ],
  [
    "Block",
    {
      "type_": "variable",
      "labels": [ [ "Lit", "frontend_ports" ] ],
      "body": [
        [
          "Attribute",
          "type",
          [
            "Fun_call",
            [
              "list",
              [
                [
                  "Fun_call",
                  [
                    "object",
                    [
                      [
                        "Object",
                        [
                          [ [ "Bare", "name" ], [ "Id", "string" ] ],
                          [ [ "Bare", "port" ], [ "Id", "number" ] ]
                        ]
                      ]
                    ]
                  ]
                ]
              ]
            ]
          ]
        ],
        [
          "Attribute",
          "description",
          [ "String", "Name and port number of the frontend port" ]
        ],
        [ "Attribute", "default", [ "Null" ] ]
      ]
    }
  ],
  [
    "Block",
    {
      "type_": "variable",
      "labels": [ [ "Lit", "frontend_ip_configurations" ] ],
      "body": [
        [
          "Attribute",
          "description",
          [ "String", "The frontend ip configurations" ]
        ],
        [
          "Attribute",
          "type",
          [
            "Fun_call",
            [
              "list",
              [
                [
                  "Fun_call",
                  [
                    "object",
                    [
                      [
                        "Object",
                        [
                          [ [ "Bare", "name" ], [ "Id", "string" ] ],
                          [
                            [ "Bare", "public_ip_address_id" ],
                            [ "Id", "string" ]
                          ],
                          [ [ "Bare", "subnet_id" ], [ "Id", "string" ] ],
                          [
                            [ "Bare", "private_ip_address" ],
                            [ "Id", "string" ]
                          ],
                          [
                            [ "Bare", "private_ip_address_allocation" ],
                            [ "Id", "string" ]
                          ]
                        ]
                      ]
                    ]
                  ]
                ]
              ]
            ]
          ]
        ]
      ]
    }
  ],
  [
    "Block",
    {
      "type_": "variable",
      "labels": [ [ "Lit", "backend_addresses" ] ],
      "body": [
        [
          "Attribute",
          "type",
          [
            "Fun_call",
            [
              "list",
              [
                [
                  "Fun_call",
                  [
                    "object",
                    [
                      [
                        "Object",
                        [
                          [ [ "Bare", "name" ], [ "Id", "string" ] ],
                          [
                            [ "Bare", "addresses" ],
                            [
                              "Fun_call",
                              [
                                "optional",
                                [
                                  [
                                    "Fun_call",
                                    [ "list", [ [ "Id", "string" ] ] ]
                                  ]
                                ]
                              ]
                            ]
                          ],
                          [
                            [ "Bare", "fqdns" ],
                            [
                              "Fun_call",
                              [
                                "optional",
                                [
                                  [
                                    "Fun_call",
                                    [ "list", [ [ "Id", "string" ] ] ]
                                  ]
                                ]
                              ]
                            ]
                          ]
                        ]
                      ]
                    ]
                  ]
                ]
              ]
            ]
          ]
        ],
        [
          "Attribute",
          "description",
          [ "String", "Name and IP address of the backend pool" ]
        ],
        [ "Attribute", "default", [ "Null" ] ]
      ]
    }
  ],
  [
    "Block",
    {
      "type_": "variable",
      "labels": [ [ "Lit", "backend_settings" ] ],
      "body": [
        [
          "Attribute",
          "type",
          [
            "Fun_call",
            [
              "list",
              [
                [
                  "Fun_call",
                  [
                    "object",
                    [
                      [
                        "Object",
                        [
                          [ [ "Bare", "name" ], [ "Id", "string" ] ],
                          [
                            [ "Bare", "cookie_based_affinity" ],
                            [ "Id", "string" ]
                          ],
                          [ [ "Bare", "port" ], [ "Id", "number" ] ],
                          [ [ "Bare", "protocol" ], [ "Id", "string" ] ],
                          [
                            [ "Bare", "request_timeout" ], [ "Id", "number" ]
                          ],
                          [ [ "Bare", "probe" ], [ "Id", "string" ] ],
                          [ [ "Bare", "hostname" ], [ "Id", "string" ] ],
                          [
                            [ "Bare", "root_certificate_names" ],
                            [
                              "Fun_call",
                              [
                                "optional",
                                [
                                  [
                                    "Fun_call",
                                    [ "list", [ [ "Id", "string" ] ] ]
                                  ]
                                ]
                              ]
                            ]
                          ]
                        ]
                      ]
                    ]
                  ]
                ]
              ]
            ]
          ]
        ],
        [
          "Attribute",
          "description",
          [ "String", "Settings of the backend http" ]
        ],
        [ "Attribute", "default", [ "Null" ] ]
      ]
    }
  ],
  [
    "Block",
    {
      "type_": "variable",
      "labels": [ [ "Lit", "probes" ] ],
      "body": [
        [
          "Attribute",
          "type",
          [
            "Fun_call",
            [
              "list",
              [
                [
                  "Fun_call",
                  [
                    "object",
                    [
                      [
                        "Object",
                        [
                          [ [ "Bare", "name" ], [ "Id", "string" ] ],
                          [ [ "Bare", "protocol" ], [ "Id", "string" ] ],
                          [ [ "Bare", "path" ], [ "Id", "string" ] ]
                        ]
                      ]
                    ]
                  ]
                ]
              ]
            ]
          ]
        ],
        [
          "Attribute",
          "description",
          [ "String", "The backend health check probe" ]
        ],
        [ "Attribute", "default", [ "Tuple", [] ] ]
      ]
    }
  ],
  [
    "Block",
    {
      "type_": "variable",
      "labels": [ [ "Lit", "http_listeners" ] ],
      "body": [
        [
          "Attribute",
          "type",
          [
            "Fun_call",
            [
              "list",
              [
                [
                  "Fun_call",
                  [
                    "object",
                    [
                      [
                        "Object",
                        [
                          [ [ "Bare", "name" ], [ "Id", "string" ] ],
                          [
                            [ "Bare", "frontend_ip_configuration" ],
                            [ "Id", "string" ]
                          ],
                          [
                            [ "Bare", "frontend_port_name" ],
                            [ "Id", "string" ]
                          ],
                          [ [ "Bare", "protocol" ], [ "Id", "string" ] ],
                          [
                            [ "Bare", "hostname" ],
                            [
                              "Fun_call",
                              [ "optional", [ [ "Id", "string" ] ] ]
                            ]
                          ],
                          [
                            [ "Bare", "ssl_certificate_name" ],
                            [
                              "Fun_call",
                              [ "optional", [ [ "Id", "string" ] ] ]
                            ]
                          ],
                          [
                            [ "Bare", "firewall_policy_id" ],
                            [
                              "Fun_call",
                              [ "optional", [ [ "Id", "string" ] ] ]
                            ]
                          ]
                        ]
                      ]
                    ]
                  ]
                ]
              ]
            ]
          ]
        ],
        [
          "Attribute", "description", [ "String", "Http listener settings" ]
        ],
        [ "Attribute", "default", [ "Tuple", [] ] ]
      ]
    }
  ],
  [
    "Block",
    {
      "type_": "variable",
      "labels": [ [ "Lit", "routing_rules" ] ],
      "body": [
        [
          "Attribute",
          "type",
          [
            "Fun_call",
            [
              "list",
              [
                [
                  "Fun_call",
                  [
                    "object",
                    [
                      [
                        "Object",
                        [
                          [ [ "Bare", "name" ], [ "Id", "string" ] ],
                          [ [ "Bare", "rule_type" ], [ "Id", "string" ] ],
                          [ [ "Bare", "priority" ], [ "Id", "number" ] ],
                          [
                            [ "Bare", "http_listener_name" ],
                            [ "Id", "string" ]
                          ],
                          [
                            [ "Bare", "backend_address_pool_name" ],
                            [ "Id", "string" ]
                          ],
                          [
                            [ "Bare", "backend_http_settings_name" ],
                            [ "Id", "string" ]
                          ],
                          [
                            [ "Bare", "url_path_map_name" ],
                            [
                              "Fun_call",
                              [ "optional", [ [ "Id", "string" ] ] ]
                            ]
                          ]
                        ]
                      ]
                    ]
                  ]
                ]
              ]
            ]
          ]
        ],
        [
          "Attribute", "description", [ "String", "Routing rules settings" ]
        ],
        [ "Attribute", "default", [ "Tuple", [] ] ]
      ]
    }
  ],
  [
    "Block",
    {
      "type_": "variable",
      "labels": [ [ "Lit", "path_maps" ] ],
      "body": [
        [ "Attribute", "default", [ "Tuple", [] ] ],
        [
          "Attribute",
          "type",
          [
            "Fun_call",
            [
              "list",
              [
                [
                  "Fun_call",
                  [
                    "object",
                    [
                      [
                        "Object",
                        [
                          [ [ "Bare", "name" ], [ "Id", "string" ] ],
                          [ [ "Bare", "backend" ], [ "Id", "string" ] ],
                          [ [ "Bare", "backend_set" ], [ "Id", "string" ] ],
                          [
                            [ "Bare", "upm" ],
                            [
                              "Fun_call",
                              [
                                "list",
                                [
                                  [
                                    "Fun_call",
                                    [
                                      "object",
                                      [
                                        [
                                          "Object",
                                          [
                                            [
                                              [ "Bare", "name_rule" ],
                                              [ "Id", "string" ]
                                            ],
                                            [
                                              [ "Bare", "paths" ],
                                              [
                                                "Fun_call",
                                                [
                                                  "list",
                                                  [ [ "Id", "string" ] ]
                                                ]
                                              ]
                                            ],
                                            [
                                              [ "Bare", "backend" ],
                                              [ "Id", "string" ]
                                            ],
                                            [
                                              [ "Bare", "backend_set" ],
                                              [ "Id", "string" ]
                                            ]
                                          ]
                                        ]
                                      ]
                                    ]
                                  ]
                                ]
                              ]
                            ]
                          ]
                        ]
                      ]
                    ]
                  ]
                ]
              ]
            ]
          ]
        ],
        [ "Attribute", "description", [ "String", "URL path map settings" ] ]
      ]
    }
  ],
  [
    "Block",
    {
      "type_": "variable",
      "labels": [ [ "Lit", "tags" ] ],
      "body": [
        [
          "Attribute",
          "description",
          [ "String", "Tags to apply to the resource." ]
        ],
        [
          "Attribute",
          "type",
          [ "Fun_call", [ "map", [ [ "Id", "string" ] ] ] ]
        ],
        [ "Attribute", "default", [ "Object", [] ] ]
      ]
    }
  ]
]
